22:53:20 **** Auto Build of configuration Debug for project ADC ****
make pre-build main-build 
a9-linaro-pre-build-step
' '
'Building file: ../src/helloworld.c'
'Invoking: ARM v7 gcc compiler'
arm-none-eabi-gcc -Wall -O0 -g3 -c -fmessage-length=0 -MT"src/helloworld.o" -mcpu=cortex-a9 -mfpu=vfpv3 -mfloat-abi=hard -I../../ADC_bsp/ps7_cortexa9_0/include -MMD -MP -MF"src/helloworld.d" -MT"src/helloworld.o" -o "src/helloworld.o" "../src/helloworld.c"
'Finished building: ../src/helloworld.c'
' '
'Building target: ADC.elf'
'Invoking: ARM v7 gcc linker'
arm-none-eabi-gcc -mcpu=cortex-a9 -mfpu=vfpv3 -mfloat-abi=hard -Wl,-build-id=none -specs=Xilinx.spec -Wl,-T -Wl,../src/lscript.ld -L../../ADC_bsp/ps7_cortexa9_0/lib -o "ADC.elf"  ./src/helloworld.o ./src/platform.o   -Wl,--start-group,-lxil,-lgcc,-lc,--end-group
'Finished building target: ADC.elf'
' '
'Invoking: ARM v7 Print Size'
arm-none-eabi-size ADC.elf  |tee "ADC.elf.size"
   text	   data	    bss	    dec	    hex	filename
  22188	   1148	  22568	  45904	   b350	ADC.elf
'Finished building: ADC.elf.size'
' '

22:53:21 Build Finished (took 1s.189ms)

