12:53:02 **** Build of project DAC_bsp ****
make -k all 
"Running Make include in ps7_cortexa9_0/libsrc/coresightps_dcc_v1_4/src"
make -C ps7_cortexa9_0/libsrc/coresightps_dcc_v1_4/src -s include  "SHELL=CMD" "COMPILER=arm-none-eabi-gcc" "ARCHIVER=arm-none-eabi-ar" "COMPILER_FLAGS=  -O2 -c" "EXTRA_COMPILER_FLAGS=-mcpu=cortex-a9 -mfpu=vfpv3 -mfloat-abi=hard -nostartfiles -Wall -Wextra"
"Running Make include in ps7_cortexa9_0/libsrc/cpu_cortexa9_v2_4/src"
make -C ps7_cortexa9_0/libsrc/cpu_cortexa9_v2_4/src -s include  "SHELL=CMD" "COMPILER=arm-none-eabi-gcc" "ARCHIVER=arm-none-eabi-ar" "COMPILER_FLAGS=  -O2 -c" "EXTRA_COMPILER_FLAGS=-mcpu=cortex-a9 -mfpu=vfpv3 -mfloat-abi=hard -nostartfiles -Wall -Wextra"
"Running Make include in ps7_cortexa9_0/libsrc/ddrps_v1_0/src"
make -C ps7_cortexa9_0/libsrc/ddrps_v1_0/src -s include  "SHELL=CMD" "COMPILER=arm-none-eabi-gcc" "ARCHIVER=arm-none-eabi-ar" "COMPILER_FLAGS=  -O2 -c" "EXTRA_COMPILER_FLAGS=-mcpu=cortex-a9 -mfpu=vfpv3 -mfloat-abi=hard -nostartfiles -Wall -Wextra"
"Running Make include in ps7_cortexa9_0/libsrc/DDS_v1_0/src"
make -C ps7_cortexa9_0/libsrc/DDS_v1_0/src -s include  "SHELL=CMD" "COMPILER=arm-none-eabi-gcc" "ARCHIVER=arm-none-eabi-ar" "COMPILER_FLAGS=  -O2 -c" "EXTRA_COMPILER_FLAGS=-mcpu=cortex-a9 -mfpu=vfpv3 -mfloat-abi=hard -nostartfiles -Wall -Wextra"
"Running Make include in ps7_cortexa9_0/libsrc/devcfg_v3_4/src"
make -C ps7_cortexa9_0/libsrc/devcfg_v3_4/src -s include  "SHELL=CMD" "COMPILER=arm-none-eabi-gcc" "ARCHIVER=arm-none-eabi-ar" "COMPILER_FLAGS=  -O2 -c" "EXTRA_COMPILER_FLAGS=-mcpu=cortex-a9 -mfpu=vfpv3 -mfloat-abi=hard -nostartfiles -Wall -Wextra"
"Running Make include in ps7_cortexa9_0/libsrc/dmaps_v2_3/src"
make -C ps7_cortexa9_0/libsrc/dmaps_v2_3/src -s include  "SHELL=CMD" "COMPILER=arm-none-eabi-gcc" "ARCHIVER=arm-none-eabi-ar" "COMPILER_FLAGS=  -O2 -c" "EXTRA_COMPILER_FLAGS=-mcpu=cortex-a9 -mfpu=vfpv3 -mfloat-abi=hard -nostartfiles -Wall -Wextra"
"Running Make include in ps7_cortexa9_0/libsrc/scugic_v3_7/src"
make -C ps7_cortexa9_0/libsrc/scugic_v3_7/src -s include  "SHELL=CMD" "COMPILER=arm-none-eabi-gcc" "ARCHIVER=arm-none-eabi-ar" "COMPILER_FLAGS=  -O2 -c" "EXTRA_COMPILER_FLAGS=-mcpu=cortex-a9 -mfpu=vfpv3 -mfloat-abi=hard -nostartfiles -Wall -Wextra"
"Running Make include in ps7_cortexa9_0/libsrc/scutimer_v2_1/src"
make -C ps7_cortexa9_0/libsrc/scutimer_v2_1/src -s include  "SHELL=CMD" "COMPILER=arm-none-eabi-gcc" "ARCHIVER=arm-none-eabi-ar" "COMPILER_FLAGS=  -O2 -c" "EXTRA_COMPILER_FLAGS=-mcpu=cortex-a9 -mfpu=vfpv3 -mfloat-abi=hard -nostartfiles -Wall -Wextra"
"Running Make include in ps7_cortexa9_0/libsrc/scuwdt_v2_1/src"
make -C ps7_cortexa9_0/libsrc/scuwdt_v2_1/src -s include  "SHELL=CMD" "COMPILER=arm-none-eabi-gcc" "ARCHIVER=arm-none-eabi-ar" "COMPILER_FLAGS=  -O2 -c" "EXTRA_COMPILER_FLAGS=-mcpu=cortex-a9 -mfpu=vfpv3 -mfloat-abi=hard -nostartfiles -Wall -Wextra"
"Running Make include in ps7_cortexa9_0/libsrc/standalone_v6_3/src"
make -C ps7_cortexa9_0/libsrc/standalone_v6_3/src -s include  "SHELL=CMD" "COMPILER=arm-none-eabi-gcc" "ARCHIVER=arm-none-eabi-ar" "COMPILER_FLAGS=  -O2 -c" "EXTRA_COMPILER_FLAGS=-mcpu=cortex-a9 -mfpu=vfpv3 -mfloat-abi=hard -nostartfiles -Wall -Wextra"
"Running Make include in ps7_cortexa9_0/libsrc/uartps_v3_4/src"
make -C ps7_cortexa9_0/libsrc/uartps_v3_4/src -s include  "SHELL=CMD" "COMPILER=arm-none-eabi-gcc" "ARCHIVER=arm-none-eabi-ar" "COMPILER_FLAGS=  -O2 -c" "EXTRA_COMPILER_FLAGS=-mcpu=cortex-a9 -mfpu=vfpv3 -mfloat-abi=hard -nostartfiles -Wall -Wextra"
"Running Make include in ps7_cortexa9_0/libsrc/xadcps_v2_2/src"
make -C ps7_cortexa9_0/libsrc/xadcps_v2_2/src -s include  "SHELL=CMD" "COMPILER=arm-none-eabi-gcc" "ARCHIVER=arm-none-eabi-ar" "COMPILER_FLAGS=  -O2 -c" "EXTRA_COMPILER_FLAGS=-mcpu=cortex-a9 -mfpu=vfpv3 -mfloat-abi=hard -nostartfiles -Wall -Wextra"
"Running Make libs in ps7_cortexa9_0/libsrc/coresightps_dcc_v1_4/src"
make -C ps7_cortexa9_0/libsrc/coresightps_dcc_v1_4/src -s libs  "SHELL=CMD" "COMPILER=arm-none-eabi-gcc" "ARCHIVER=arm-none-eabi-ar" "COMPILER_FLAGS=  -O2 -c" "EXTRA_COMPILER_FLAGS=-mcpu=cortex-a9 -mfpu=vfpv3 -mfloat-abi=hard -nostartfiles -Wall -Wextra"
"Compiling coresightps_dcc"
arm-none-eabi-ar: creating ../../../lib/libxil.a
"Running Make libs in ps7_cortexa9_0/libsrc/cpu_cortexa9_v2_4/src"
make -C ps7_cortexa9_0/libsrc/cpu_cortexa9_v2_4/src -s libs  "SHELL=CMD" "COMPILER=arm-none-eabi-gcc" "ARCHIVER=arm-none-eabi-ar" "COMPILER_FLAGS=  -O2 -c" "EXTRA_COMPILER_FLAGS=-mcpu=cortex-a9 -mfpu=vfpv3 -mfloat-abi=hard -nostartfiles -Wall -Wextra"
"Compiling cpu_cortexa9"
"Running Make libs in ps7_cortexa9_0/libsrc/ddrps_v1_0/src"
make -C ps7_cortexa9_0/libsrc/ddrps_v1_0/src -s libs  "SHELL=CMD" "COMPILER=arm-none-eabi-gcc" "ARCHIVER=arm-none-eabi-ar" "COMPILER_FLAGS=  -O2 -c" "EXTRA_COMPILER_FLAGS=-mcpu=cortex-a9 -mfpu=vfpv3 -mfloat-abi=hard -nostartfiles -Wall -Wextra"
"Compiling ddrps"
"Running Make libs in ps7_cortexa9_0/libsrc/DDS_v1_0/src"
make -C ps7_cortexa9_0/libsrc/DDS_v1_0/src -s libs  "SHELL=CMD" "COMPILER=arm-none-eabi-gcc" "ARCHIVER=arm-none-eabi-ar" "COMPILER_FLAGS=  -O2 -c" "EXTRA_COMPILER_FLAGS=-mcpu=cortex-a9 -mfpu=vfpv3 -mfloat-abi=hard -nostartfiles -Wall -Wextra"
"Compiling DDS..."
DDS_selftest.c: In function 'DDS_Reg_SelfTest':
DDS_selftest.c:52:52: warning: comparison between signed and unsigned integer expressions [-Wsign-compare]
    if ( DDS_mReadReg (baseaddr, read_loop_index*4) != (read_loop_index+1)*READ_WRITE_MUL_FACTOR){
                                                    ^~
DDS_selftest.c:36:6: warning: unused variable 'Index' [-Wunused-variable]
  int Index;
      ^~~~~
"Running Make libs in ps7_cortexa9_0/libsrc/devcfg_v3_4/src"
make -C ps7_cortexa9_0/libsrc/devcfg_v3_4/src -s libs  "SHELL=CMD" "COMPILER=arm-none-eabi-gcc" "ARCHIVER=arm-none-eabi-ar" "COMPILER_FLAGS=  -O2 -c" "EXTRA_COMPILER_FLAGS=-mcpu=cortex-a9 -mfpu=vfpv3 -mfloat-abi=hard -nostartfiles -Wall -Wextra"
"Compiling devcfg"
"Running Make libs in ps7_cortexa9_0/libsrc/dmaps_v2_3/src"
make -C ps7_cortexa9_0/libsrc/dmaps_v2_3/src -s libs  "SHELL=CMD" "COMPILER=arm-none-eabi-gcc" "ARCHIVER=arm-none-eabi-ar" "COMPILER_FLAGS=  -O2 -c" "EXTRA_COMPILER_FLAGS=-mcpu=cortex-a9 -mfpu=vfpv3 -mfloat-abi=hard -nostartfiles -Wall -Wextra"
"Compiling dmaps"
"Running Make libs in ps7_cortexa9_0/libsrc/scugic_v3_7/src"
make -C ps7_cortexa9_0/libsrc/scugic_v3_7/src -s libs  "SHELL=CMD" "COMPILER=arm-none-eabi-gcc" "ARCHIVER=arm-none-eabi-ar" "COMPILER_FLAGS=  -O2 -c" "EXTRA_COMPILER_FLAGS=-mcpu=cortex-a9 -mfpu=vfpv3 -mfloat-abi=hard -nostartfiles -Wall -Wextra"
"Compiling scugic"
xscugic_g.c:53:2: warning: missing initializer for field 'HandlerTable' of 'XScuGic_Config {aka struct <anonymous>}' [-Wmissing-field-initializers]
  }
  ^
In file included from xscugic_g.c:41:0:
xscugic.h:218:27: note: 'HandlerTable' declared here
  XScuGic_VectorTableEntry HandlerTable[XSCUGIC_MAX_NUM_INTR_INPUTS];/**<
                           ^~~~~~~~~~~~
"Running Make libs in ps7_cortexa9_0/libsrc/scutimer_v2_1/src"
make -C ps7_cortexa9_0/libsrc/scutimer_v2_1/src -s libs  "SHELL=CMD" "COMPILER=arm-none-eabi-gcc" "ARCHIVER=arm-none-eabi-ar" "COMPILER_FLAGS=  -O2 -c" "EXTRA_COMPILER_FLAGS=-mcpu=cortex-a9 -mfpu=vfpv3 -mfloat-abi=hard -nostartfiles -Wall -Wextra"
"Compiling scutimer"
"Running Make libs in ps7_cortexa9_0/libsrc/scuwdt_v2_1/src"
make -C ps7_cortexa9_0/libsrc/scuwdt_v2_1/src -s libs  "SHELL=CMD" "COMPILER=arm-none-eabi-gcc" "ARCHIVER=arm-none-eabi-ar" "COMPILER_FLAGS=  -O2 -c" "EXTRA_COMPILER_FLAGS=-mcpu=cortex-a9 -mfpu=vfpv3 -mfloat-abi=hard -nostartfiles -Wall -Wextra"
"Compiling scuwdt"
"Running Make libs in ps7_cortexa9_0/libsrc/standalone_v6_3/src"
make -C ps7_cortexa9_0/libsrc/standalone_v6_3/src -s libs  "SHELL=CMD" "COMPILER=arm-none-eabi-gcc" "ARCHIVER=arm-none-eabi-ar" "COMPILER_FLAGS=  -O2 -c" "EXTRA_COMPILER_FLAGS=-mcpu=cortex-a9 -mfpu=vfpv3 -mfloat-abi=hard -nostartfiles -Wall -Wextra"
"Compiling standalone"
"Running Make libs in ps7_cortexa9_0/libsrc/uartps_v3_4/src"
make -C ps7_cortexa9_0/libsrc/uartps_v3_4/src -s libs  "SHELL=CMD" "COMPILER=arm-none-eabi-gcc" "ARCHIVER=arm-none-eabi-ar" "COMPILER_FLAGS=  -O2 -c" "EXTRA_COMPILER_FLAGS=-mcpu=cortex-a9 -mfpu=vfpv3 -mfloat-abi=hard -nostartfiles -Wall -Wextra"
"Compiling uartps"
"Running Make libs in ps7_cortexa9_0/libsrc/xadcps_v2_2/src"
make -C ps7_cortexa9_0/libsrc/xadcps_v2_2/src -s libs  "SHELL=CMD" "COMPILER=arm-none-eabi-gcc" "ARCHIVER=arm-none-eabi-ar" "COMPILER_FLAGS=  -O2 -c" "EXTRA_COMPILER_FLAGS=-mcpu=cortex-a9 -mfpu=vfpv3 -mfloat-abi=hard -nostartfiles -Wall -Wextra"
"Compiling xadcps"
'Finished building libraries'
12:53:31 **** Build of configuration Debug for project DAC ****
make pre-build main-build 
a9-linaro-pre-build-step
' '
'Building file: ../src/helloworld.c'
'Invoking: ARM v7 gcc compiler'
arm-none-eabi-gcc -Wall -O0 -g3 -c -fmessage-length=0 -MT"src/helloworld.o" -mcpu=cortex-a9 -mfpu=vfpv3 -mfloat-abi=hard -I../../DAC_bsp/ps7_cortexa9_0/include -MMD -MP -MF"src/helloworld.d" -MT"src/helloworld.o" -o "src/helloworld.o" "../src/helloworld.c"
'Finished building: ../src/helloworld.c'
' '
'Building file: ../src/platform.c'
'Invoking: ARM v7 gcc compiler'
arm-none-eabi-gcc -Wall -O0 -g3 -c -fmessage-length=0 -MT"src/platform.o" -mcpu=cortex-a9 -mfpu=vfpv3 -mfloat-abi=hard -I../../DAC_bsp/ps7_cortexa9_0/include -MMD -MP -MF"src/platform.d" -MT"src/platform.o" -o "src/platform.o" "../src/platform.c"
'Finished building: ../src/platform.c'
' '
'Building target: DAC.elf'
'Invoking: ARM v7 gcc linker'
arm-none-eabi-gcc -mcpu=cortex-a9 -mfpu=vfpv3 -mfloat-abi=hard -Wl,-build-id=none -specs=Xilinx.spec -Wl,-T -Wl,../src/lscript.ld -L../../DAC_bsp/ps7_cortexa9_0/lib -o "DAC.elf"  ./src/helloworld.o ./src/platform.o   -Wl,--start-group,-lxil,-lgcc,-lc,--end-group
'Finished building target: DAC.elf'
' '
'Invoking: ARM v7 Print Size'
arm-none-eabi-size DAC.elf  |tee "DAC.elf.size"
   text	   data	    bss	    dec	    hex	filename
  19384	   1148	  22568	  43100	   a85c	DAC.elf
'Finished building: DAC.elf.size'
' '
12:53:35 **** Auto Build of configuration Debug for project DAC ****
make pre-build main-build 
a9-linaro-pre-build-step
' '
make: Nothing to be done for `main-build'.
12:55:21 **** Auto Build of configuration Debug for project DAC ****
make pre-build main-build 
a9-linaro-pre-build-step
' '
'Building file: ../src/helloworld.c'
'Invoking: ARM v7 gcc compiler'
arm-none-eabi-gcc -Wall -O0 -g3 -c -fmessage-length=0 -MT"src/helloworld.o" -mcpu=cortex-a9 -mfpu=vfpv3 -mfloat-abi=hard -I../../DAC_bsp/ps7_cortexa9_0/include -MMD -MP -MF"src/helloworld.d" -MT"src/helloworld.o" -o "src/helloworld.o" "../src/helloworld.c"
'Finished building: ../src/helloworld.c'
' '
'Building target: DAC.elf'
'Invoking: ARM v7 gcc linker'
arm-none-eabi-gcc -mcpu=cortex-a9 -mfpu=vfpv3 -mfloat-abi=hard -Wl,-build-id=none -specs=Xilinx.spec -Wl,-T -Wl,../src/lscript.ld -L../../DAC_bsp/ps7_cortexa9_0/lib -o "DAC.elf"  ./src/helloworld.o ./src/platform.o   -Wl,--start-group,-lxil,-lgcc,-lc,--end-group
'Finished building target: DAC.elf'
' '
'Invoking: ARM v7 Print Size'
arm-none-eabi-size DAC.elf  |tee "DAC.elf.size"
   text	   data	    bss	    dec	    hex	filename
  22120	   1148	  22568	  45836	   b30c	DAC.elf
'Finished building: DAC.elf.size'
' '
13:03:34 **** Auto Build of configuration Debug for project DAC ****
make pre-build main-build 
a9-linaro-pre-build-step
' '
'Building file: ../src/helloworld.c'
'Invoking: ARM v7 gcc compiler'
arm-none-eabi-gcc -Wall -O0 -g3 -c -fmessage-length=0 -MT"src/helloworld.o" -mcpu=cortex-a9 -mfpu=vfpv3 -mfloat-abi=hard -I../../DAC_bsp/ps7_cortexa9_0/include -MMD -MP -MF"src/helloworld.d" -MT"src/helloworld.o" -o "src/helloworld.o" "../src/helloworld.c"
In file included from ../src/helloworld.c:51:0:
../src/helloworld.c: In function 'main':
../../DAC_bsp/ps7_cortexa9_0/include/DDS.h:35:4: warning: implicit declaration of function 'Xil_Out32' [-Wimplicit-function-declaration]
    Xil_Out32((BaseAddress) + (RegOffset), (u32)(Data))
    ^
../src/helloworld.c:59:5: note: in expansion of macro 'DDS_mWriteReg'
     DDS_mWriteReg(0x43c00000, DDS_S00_AXI_SLV_REG3_OFFSET, Freq);
     ^~~~~~~~~~~~~
../src/helloworld.c:59:60: error: 'Freq' undeclared (first use in this function)
     DDS_mWriteReg(0x43c00000, DDS_S00_AXI_SLV_REG3_OFFSET, Freq);
                                                            ^
../../DAC_bsp/ps7_cortexa9_0/include/DDS.h:35:49: note: in definition of macro 'DDS_mWriteReg'
    Xil_Out32((BaseAddress) + (RegOffset), (u32)(Data))
                                                 ^~~~
../src/helloworld.c:59:60: note: each undeclared identifier is reported only once for each function it appears in
     DDS_mWriteReg(0x43c00000, DDS_S00_AXI_SLV_REG3_OFFSET, Freq);
                                                            ^
../../DAC_bsp/ps7_cortexa9_0/include/DDS.h:35:49: note: in definition of macro 'DDS_mWriteReg'
    Xil_Out32((BaseAddress) + (RegOffset), (u32)(Data))
                                                 ^~~~
make: *** [src/helloworld.o] ´íÎó 1
13:03:52 **** Auto Build of configuration Debug for project DAC ****
make pre-build main-build 
a9-linaro-pre-build-step
' '
'Building file: ../src/helloworld.c'
'Invoking: ARM v7 gcc compiler'
arm-none-eabi-gcc -Wall -O0 -g3 -c -fmessage-length=0 -MT"src/helloworld.o" -mcpu=cortex-a9 -mfpu=vfpv3 -mfloat-abi=hard -I../../DAC_bsp/ps7_cortexa9_0/include -MMD -MP -MF"src/helloworld.d" -MT"src/helloworld.o" -o "src/helloworld.o" "../src/helloworld.c"
In file included from ../src/helloworld.c:51:0:
../src/helloworld.c: In function 'main':
../../DAC_bsp/ps7_cortexa9_0/include/DDS.h:35:4: warning: implicit declaration of function 'Xil_Out32' [-Wimplicit-function-declaration]
    Xil_Out32((BaseAddress) + (RegOffset), (u32)(Data))
    ^
../src/helloworld.c:59:5: note: in expansion of macro 'DDS_mWriteReg'
     DDS_mWriteReg(0x43c00000, DDS_S00_AXI_SLV_REG3_OFFSET, );
     ^~~~~~~~~~~~~
../../DAC_bsp/ps7_cortexa9_0/include/DDS.h:35:53: error: expected expression before ')' token
    Xil_Out32((BaseAddress) + (RegOffset), (u32)(Data))
                                                     ^
../src/helloworld.c:59:5: note: in expansion of macro 'DDS_mWriteReg'
     DDS_mWriteReg(0x43c00000, DDS_S00_AXI_SLV_REG3_OFFSET, );
     ^~~~~~~~~~~~~
make: *** [src/helloworld.o] ´íÎó 1
13:03:58 **** Auto Build of configuration Debug for project DAC ****
make pre-build main-build 
a9-linaro-pre-build-step
' '
'Building file: ../src/helloworld.c'
'Invoking: ARM v7 gcc compiler'
arm-none-eabi-gcc -Wall -O0 -g3 -c -fmessage-length=0 -MT"src/helloworld.o" -mcpu=cortex-a9 -mfpu=vfpv3 -mfloat-abi=hard -I../../DAC_bsp/ps7_cortexa9_0/include -MMD -MP -MF"src/helloworld.d" -MT"src/helloworld.o" -o "src/helloworld.o" "../src/helloworld.c"
In file included from ../src/helloworld.c:51:0:
../src/helloworld.c: In function 'main':
../../DAC_bsp/ps7_cortexa9_0/include/DDS.h:35:4: warning: implicit declaration of function 'Xil_Out32' [-Wimplicit-function-declaration]
    Xil_Out32((BaseAddress) + (RegOffset), (u32)(Data))
    ^
../src/helloworld.c:59:5: note: in expansion of macro 'DDS_mWriteReg'
     DDS_mWriteReg(0x43c00000, DDS_S00_AXI_SLV_REG3_OFFSET, );
     ^~~~~~~~~~~~~
../../DAC_bsp/ps7_cortexa9_0/include/DDS.h:35:53: error: expected expression before ')' token
    Xil_Out32((BaseAddress) + (RegOffset), (u32)(Data))
                                                     ^
../src/helloworld.c:59:5: note: in expansion of macro 'DDS_mWriteReg'
     DDS_mWriteReg(0x43c00000, DDS_S00_AXI_SLV_REG3_OFFSET, );
     ^~~~~~~~~~~~~
make: *** [src/helloworld.o] ´íÎó 1
13:04:42 **** Auto Build of configuration Debug for project DAC ****
make pre-build main-build 
a9-linaro-pre-build-step
' '
'Building file: ../src/helloworld.c'
'Invoking: ARM v7 gcc compiler'
arm-none-eabi-gcc -Wall -O0 -g3 -c -fmessage-length=0 -MT"src/helloworld.o" -mcpu=cortex-a9 -mfpu=vfpv3 -mfloat-abi=hard -I../../DAC_bsp/ps7_cortexa9_0/include -MMD -MP -MF"src/helloworld.d" -MT"src/helloworld.o" -o "src/helloworld.o" "../src/helloworld.c"
In file included from ../src/helloworld.c:51:0:
../src/helloworld.c: In function 'main':
../../DAC_bsp/ps7_cortexa9_0/include/DDS.h:35:4: warning: implicit declaration of function 'Xil_Out32' [-Wimplicit-function-declaration]
    Xil_Out32((BaseAddress) + (RegOffset), (u32)(Data))
    ^
../src/helloworld.c:59:5: note: in expansion of macro 'DDS_mWriteReg'
     DDS_mWriteReg(0x43c00000, DDS_S00_AXI_SLV_REG3_OFFSET, 0x80000010);
     ^~~~~~~~~~~~~
'Finished building: ../src/helloworld.c'
' '
'Building target: DAC.elf'
'Invoking: ARM v7 gcc linker'
arm-none-eabi-gcc -mcpu=cortex-a9 -mfpu=vfpv3 -mfloat-abi=hard -Wl,-build-id=none -specs=Xilinx.spec -Wl,-T -Wl,../src/lscript.ld -L../../DAC_bsp/ps7_cortexa9_0/lib -o "DAC.elf"  ./src/helloworld.o ./src/platform.o   -Wl,--start-group,-lxil,-lgcc,-lc,--end-group
./src/helloworld.o: In function `main':
C:\work\Resistor-Capacitance-Inductance-Measurement-System\RCIMS\RCIMS.sdk\DAC\Debug/../src/helloworld.c:59: undefined reference to `Xil_Out32'
collect2.exe: error: ld returned 1 exit status
make: *** [DAC.elf] ´íÎó 1
13:06:49 **** Auto Build of configuration Debug for project DAC ****
make pre-build main-build 
a9-linaro-pre-build-step
' '
'Building file: ../src/helloworld.c'
'Invoking: ARM v7 gcc compiler'
arm-none-eabi-gcc -Wall -O0 -g3 -c -fmessage-length=0 -MT"src/helloworld.o" -mcpu=cortex-a9 -mfpu=vfpv3 -mfloat-abi=hard -I../../DAC_bsp/ps7_cortexa9_0/include -MMD -MP -MF"src/helloworld.d" -MT"src/helloworld.o" -o "src/helloworld.o" "../src/helloworld.c"
In file included from ../src/helloworld.c:51:0:
../src/helloworld.c: In function 'main':
../../DAC_bsp/ps7_cortexa9_0/include/DDS.h:35:4: warning: implicit declaration of function 'Xil_Out32' [-Wimplicit-function-declaration]
    Xil_Out32((BaseAddress) + (RegOffset), (u32)(Data))
    ^
../src/helloworld.c:58:5: note: in expansion of macro 'DDS_mWriteReg'
     DDS_mWriteReg(0x43c00000, DDS_S00_AXI_SLV_REG3_OFFSET, 0x80000010);
     ^~~~~~~~~~~~~
'Finished building: ../src/helloworld.c'
' '
'Building target: DAC.elf'
'Invoking: ARM v7 gcc linker'
arm-none-eabi-gcc -mcpu=cortex-a9 -mfpu=vfpv3 -mfloat-abi=hard -Wl,-build-id=none -specs=Xilinx.spec -Wl,-T -Wl,../src/lscript.ld -L../../DAC_bsp/ps7_cortexa9_0/lib -o "DAC.elf"  ./src/helloworld.o ./src/platform.o   -Wl,--start-group,-lxil,-lgcc,-lc,--end-group
./src/helloworld.o: In function `main':
C:\work\Resistor-Capacitance-Inductance-Measurement-System\RCIMS\RCIMS.sdk\DAC\Debug/../src/helloworld.c:58: undefined reference to `Xil_Out32'
collect2.exe: error: ld returned 1 exit status
make: *** [DAC.elf] ´íÎó 1
13:06:54 **** Auto Build of configuration Debug for project DAC ****
make pre-build main-build 
a9-linaro-pre-build-step
' '
'Building file: ../src/helloworld.c'
'Invoking: ARM v7 gcc compiler'
arm-none-eabi-gcc -Wall -O0 -g3 -c -fmessage-length=0 -MT"src/helloworld.o" -mcpu=cortex-a9 -mfpu=vfpv3 -mfloat-abi=hard -I../../DAC_bsp/ps7_cortexa9_0/include -MMD -MP -MF"src/helloworld.d" -MT"src/helloworld.o" -o "src/helloworld.o" "../src/helloworld.c"
'Finished building: ../src/helloworld.c'
' '
'Building target: DAC.elf'
In file included from ../src/helloworld.c:51:0:
../src/helloworld.c: In function 'main':
../../DAC_bsp/ps7_cortexa9_0/include/DDS.h:35:4: warning: implicit declaration of function 'Xil_Out32' [-Wimplicit-function-declaration]
    Xil_Out32((BaseAddress) + (RegOffset), (u32)(Data))
    ^
../src/helloworld.c:59:5: note: in expansion of macro 'DDS_mWriteReg'
     DDS_mWriteReg(0x43c00000, DDS_S00_AXI_SLV_REG3_OFFSET, 0);
     ^~~~~~~~~~~~~
'Invoking: ARM v7 gcc linker'
arm-none-eabi-gcc -mcpu=cortex-a9 -mfpu=vfpv3 -mfloat-abi=hard -Wl,-build-id=none -specs=Xilinx.spec -Wl,-T -Wl,../src/lscript.ld -L../../DAC_bsp/ps7_cortexa9_0/lib -o "DAC.elf"  ./src/helloworld.o ./src/platform.o   -Wl,--start-group,-lxil,-lgcc,-lc,--end-group
./src/helloworld.o: In function `main':
C:\work\Resistor-Capacitance-Inductance-Measurement-System\RCIMS\RCIMS.sdk\DAC\Debug/../src/helloworld.c:59: undefined reference to `Xil_Out32'
collect2.exe: error: ld returned 1 exit status
make: *** [DAC.elf] ´íÎó 1
13:07:11 **** Auto Build of configuration Debug for project DAC ****
make pre-build main-build 
a9-linaro-pre-build-step
' '
'Building file: ../src/helloworld.c'
'Invoking: ARM v7 gcc compiler'
arm-none-eabi-gcc -Wall -O0 -g3 -c -fmessage-length=0 -MT"src/helloworld.o" -mcpu=cortex-a9 -mfpu=vfpv3 -mfloat-abi=hard -I../../DAC_bsp/ps7_cortexa9_0/include -MMD -MP -MF"src/helloworld.d" -MT"src/helloworld.o" -o "src/helloworld.o" "../src/helloworld.c"
In file included from ../src/helloworld.c:51:0:
../src/helloworld.c: In function 'main':
../../DAC_bsp/ps7_cortexa9_0/include/DDS.h:35:4: warning: implicit declaration of function 'Xil_Out32' [-Wimplicit-function-declaration]
    Xil_Out32((BaseAddress) + (RegOffset), (u32)(Data))
    ^
../src/helloworld.c:59:5: note: in expansion of macro 'DDS_mWriteReg'
     DDS_mWriteReg(0x43c00000, 12, 0);
     ^~~~~~~~~~~~~
'Finished building: ../src/helloworld.c'
' '
'Building target: DAC.elf'
'Invoking: ARM v7 gcc linker'
arm-none-eabi-gcc -mcpu=cortex-a9 -mfpu=vfpv3 -mfloat-abi=hard -Wl,-build-id=none -specs=Xilinx.spec -Wl,-T -Wl,../src/lscript.ld -L../../DAC_bsp/ps7_cortexa9_0/lib -o "DAC.elf"  ./src/helloworld.o ./src/platform.o   -Wl,--start-group,-lxil,-lgcc,-lc,--end-group
./src/helloworld.o: In function `main':
C:\work\Resistor-Capacitance-Inductance-Measurement-System\RCIMS\RCIMS.sdk\DAC\Debug/../src/helloworld.c:59: undefined reference to `Xil_Out32'
collect2.exe: error: ld returned 1 exit status
make: *** [DAC.elf] ´íÎó 1
13:07:16 **** Auto Build of configuration Debug for project DAC ****
make pre-build main-build 
a9-linaro-pre-build-step
' '
'Building file: ../src/helloworld.c'
'Invoking: ARM v7 gcc compiler'
arm-none-eabi-gcc -Wall -O0 -g3 -c -fmessage-length=0 -MT"src/helloworld.o" -mcpu=cortex-a9 -mfpu=vfpv3 -mfloat-abi=hard -I../../DAC_bsp/ps7_cortexa9_0/include -MMD -MP -MF"src/helloworld.d" -MT"src/helloworld.o" -o "src/helloworld.o" "../src/helloworld.c"
In file included from ../src/helloworld.c:51:0:
../src/helloworld.c: In function 'main':
../../DAC_bsp/ps7_cortexa9_0/include/DDS.h:35:4: warning: implicit declaration of function 'Xil_Out32' [-Wimplicit-function-declaration]
    Xil_Out32((BaseAddress) + (RegOffset), (u32)(Data))
    ^
../src/helloworld.c:59:5: note: in expansion of macro 'DDS_mWriteReg'
     DDS_mWriteReg(0x43c00000, DDS_S00_AXI_SLV_REG3_OFFSET, 0);
     ^~~~~~~~~~~~~
'Finished building: ../src/helloworld.c'
' '
'Building target: DAC.elf'
'Invoking: ARM v7 gcc linker'
arm-none-eabi-gcc -mcpu=cortex-a9 -mfpu=vfpv3 -mfloat-abi=hard -Wl,-build-id=none -specs=Xilinx.spec -Wl,-T -Wl,../src/lscript.ld -L../../DAC_bsp/ps7_cortexa9_0/lib -o "DAC.elf"  ./src/helloworld.o ./src/platform.o   -Wl,--start-group,-lxil,-lgcc,-lc,--end-group
./src/helloworld.o: In function `main':
C:\work\Resistor-Capacitance-Inductance-Measurement-System\RCIMS\RCIMS.sdk\DAC\Debug/../src/helloworld.c:59: undefined reference to `Xil_Out32'
collect2.exe: error: ld returned 1 exit status
make: *** [DAC.elf] ´íÎó 1
13:09:37 **** Auto Build of configuration Debug for project DAC ****
make pre-build main-build 
a9-linaro-pre-build-step
' '
'Building file: ../src/helloworld.c'
'Invoking: ARM v7 gcc compiler'
arm-none-eabi-gcc -Wall -O0 -g3 -c -fmessage-length=0 -MT"src/helloworld.o" -mcpu=cortex-a9 -mfpu=vfpv3 -mfloat-abi=hard -I../../DAC_bsp/ps7_cortexa9_0/include -MMD -MP -MF"src/helloworld.d" -MT"src/helloworld.o" -o "src/helloworld.o" "../src/helloworld.c"
In file included from ../src/helloworld.c:52:0:
../src/helloworld.c: In function 'main':
../../DAC_bsp/ps7_cortexa9_0/include/DDS.h:35:4: warning: implicit declaration of function 'Xil_Out32' [-Wimplicit-function-declaration]
    Xil_Out32((BaseAddress) + (RegOffset), (u32)(Data))
    ^
../src/helloworld.c:60:5: note: in expansion of macro 'DDS_mWriteReg'
     DDS_mWriteReg(0x43c00000, DDS_S00_AXI_SLV_REG3_OFFSET, 0);
     ^~~~~~~~~~~~~
'Finished building: ../src/helloworld.c'
' '
'Building target: DAC.elf'
'Invoking: ARM v7 gcc linker'
arm-none-eabi-gcc -mcpu=cortex-a9 -mfpu=vfpv3 -mfloat-abi=hard -Wl,-build-id=none -specs=Xilinx.spec -Wl,-T -Wl,../src/lscript.ld -L../../DAC_bsp/ps7_cortexa9_0/lib -o "DAC.elf"  ./src/helloworld.o ./src/platform.o   -Wl,--start-group,-lxil,-lgcc,-lc,--end-group
./src/helloworld.o: In function `main':
C:\work\Resistor-Capacitance-Inductance-Measurement-System\RCIMS\RCIMS.sdk\DAC\Debug/../src/helloworld.c:60: undefined reference to `Xil_Out32'
collect2.exe: error: ld returned 1 exit status
make: *** [DAC.elf] ´íÎó 1
13:09:56 **** Auto Build of configuration Debug for project DAC ****
make pre-build main-build 
a9-linaro-pre-build-step
' '
'Building file: ../src/helloworld.c'
'Invoking: ARM v7 gcc compiler'
arm-none-eabi-gcc -Wall -O0 -g3 -c -fmessage-length=0 -MT"src/helloworld.o" -mcpu=cortex-a9 -mfpu=vfpv3 -mfloat-abi=hard -I../../DAC_bsp/ps7_cortexa9_0/include -MMD -MP -MF"src/helloworld.d" -MT"src/helloworld.o" -o "src/helloworld.o" "../src/helloworld.c"
../src/helloworld.c:52:20: fatal error: DDS_ip.h: No such file or directory
 #include "DDS_ip.h"
                    ^
compilation terminated.
make: *** [src/helloworld.o] ´íÎó 1
13:09:59 **** Auto Build of configuration Debug for project DAC ****
make pre-build main-build 
a9-linaro-pre-build-step
' '
'Building file: ../src/helloworld.c'
'Invoking: ARM v7 gcc compiler'
arm-none-eabi-gcc -Wall -O0 -g3 -c -fmessage-length=0 -MT"src/helloworld.o" -mcpu=cortex-a9 -mfpu=vfpv3 -mfloat-abi=hard -I../../DAC_bsp/ps7_cortexa9_0/include -MMD -MP -MF"src/helloworld.d" -MT"src/helloworld.o" -o "src/helloworld.o" "../src/helloworld.c"
In file included from ../src/helloworld.c:52:0:
../src/helloworld.c: In function 'main':
../../DAC_bsp/ps7_cortexa9_0/include/DDS.h:35:4: warning: implicit declaration of function 'Xil_Out32' [-Wimplicit-function-declaration]
    Xil_Out32((BaseAddress) + (RegOffset), (u32)(Data))
    ^
../src/helloworld.c:60:5: note: in expansion of macro 'DDS_mWriteReg'
     DDS_mWriteReg(0x43c00000, DDS_S00_AXI_SLV_REG3_OFFSET, 0);
     ^~~~~~~~~~~~~
'Finished building: ../src/helloworld.c'
' '
'Building target: DAC.elf'
'Invoking: ARM v7 gcc linker'
arm-none-eabi-gcc -mcpu=cortex-a9 -mfpu=vfpv3 -mfloat-abi=hard -Wl,-build-id=none -specs=Xilinx.spec -Wl,-T -Wl,../src/lscript.ld -L../../DAC_bsp/ps7_cortexa9_0/lib -o "DAC.elf"  ./src/helloworld.o ./src/platform.o   -Wl,--start-group,-lxil,-lgcc,-lc,--end-group
./src/helloworld.o: In function `main':
C:\work\Resistor-Capacitance-Inductance-Measurement-System\RCIMS\RCIMS.sdk\DAC\Debug/../src/helloworld.c:60: undefined reference to `Xil_Out32'
collect2.exe: error: ld returned 1 exit status
make: *** [DAC.elf] ´íÎó 1
13:10:31 **** Auto Build of configuration Debug for project DAC ****
make pre-build main-build 
a9-linaro-pre-build-step
' '
'Building file: ../src/helloworld.c'
'Invoking: ARM v7 gcc compiler'
arm-none-eabi-gcc -Wall -O0 -g3 -c -fmessage-length=0 -MT"src/helloworld.o" -mcpu=cortex-a9 -mfpu=vfpv3 -mfloat-abi=hard -I../../DAC_bsp/ps7_cortexa9_0/include -MMD -MP -MF"src/helloworld.d" -MT"src/helloworld.o" -o "src/helloworld.o" "../src/helloworld.c"
In file included from ../src/helloworld.c:52:0:
../src/helloworld.c: In function 'main':
../../DAC_bsp/ps7_cortexa9_0/include/DDS.h:35:4: warning: implicit declaration of function 'Xil_Out32' [-Wimplicit-function-declaration]
    Xil_Out32((BaseAddress) + (RegOffset), (u32)(Data))
    ^
../src/helloworld.c:60:5: note: in expansion of macro 'DDS_mWriteReg'
     DDS_mWriteReg(, DDS_S00_AXI_SLV_REG3_OFFSET, 0);
     ^~~~~~~~~~~~~
../../DAC_bsp/ps7_cortexa9_0/include/DDS.h:35:26: error: expected expression before ')' token
    Xil_Out32((BaseAddress) + (RegOffset), (u32)(Data))
                          ^
../src/helloworld.c:60:5: note: in expansion of macro 'DDS_mWriteReg'
     DDS_mWriteReg(, DDS_S00_AXI_SLV_REG3_OFFSET, 0);
     ^~~~~~~~~~~~~
make: *** [src/helloworld.o] ´íÎó 1
13:10:40 **** Auto Build of configuration Debug for project DAC ****
make pre-build main-build 
a9-linaro-pre-build-step
' '
'Building file: ../src/helloworld.c'
'Invoking: ARM v7 gcc compiler'
arm-none-eabi-gcc -Wall -O0 -g3 -c -fmessage-length=0 -MT"src/helloworld.o" -mcpu=cortex-a9 -mfpu=vfpv3 -mfloat-abi=hard -I../../DAC_bsp/ps7_cortexa9_0/include -MMD -MP -MF"src/helloworld.d" -MT"src/helloworld.o" -o "src/helloworld.o" "../src/helloworld.c"
In file included from ../src/helloworld.c:52:0:
../src/helloworld.c: In function 'main':
../../DAC_bsp/ps7_cortexa9_0/include/DDS.h:35:4: warning: implicit declaration of function 'Xil_Out32' [-Wimplicit-function-declaration]
    Xil_Out32((BaseAddress) + (RegOffset), (u32)(Data))
    ^
../src/helloworld.c:60:5: note: in expansion of macro 'DDS_mWriteReg'
     DDS_mWriteReg(DDS_BASEADDR, DDS_S00_AXI_SLV_REG3_OFFSET, 0);
     ^~~~~~~~~~~~~
../src/helloworld.c:54:22: error: expected expression before '=' token
 #define DDS_BASEADDR = 0x43c00000;
                      ^
../../DAC_bsp/ps7_cortexa9_0/include/DDS.h:35:15: note: in definition of macro 'DDS_mWriteReg'
    Xil_Out32((BaseAddress) + (RegOffset), (u32)(Data))
               ^~~~~~~~~~~
../src/helloworld.c:60:19: note: in expansion of macro 'DDS_BASEADDR'
     DDS_mWriteReg(DDS_BASEADDR, DDS_S00_AXI_SLV_REG3_OFFSET, 0);
                   ^~~~~~~~~~~~
make: *** [src/helloworld.o] ´íÎó 1
13:10:51 **** Auto Build of configuration Debug for project DAC ****
make pre-build main-build 
a9-linaro-pre-build-step
' '
'Building file: ../src/helloworld.c'
'Invoking: ARM v7 gcc compiler'
arm-none-eabi-gcc -Wall -O0 -g3 -c -fmessage-length=0 -MT"src/helloworld.o" -mcpu=cortex-a9 -mfpu=vfpv3 -mfloat-abi=hard -I../../DAC_bsp/ps7_cortexa9_0/include -MMD -MP -MF"src/helloworld.d" -MT"src/helloworld.o" -o "src/helloworld.o" "../src/helloworld.c"
In file included from ../src/helloworld.c:52:0:
../src/helloworld.c: In function 'main':
../../DAC_bsp/ps7_cortexa9_0/include/DDS.h:35:4: warning: implicit declaration of function 'Xil_Out32' [-Wimplicit-function-declaration]
    Xil_Out32((BaseAddress) + (RegOffset), (u32)(Data))
    ^
../src/helloworld.c:60:5: note: in expansion of macro 'DDS_mWriteReg'
     DDS_mWriteReg(DDS_BASEADDR, DDS_S00_AXI_SLV_REG3_OFFSET, 0x80000010);
     ^~~~~~~~~~~~~
../src/helloworld.c:54:22: error: expected expression before '=' token
 #define DDS_BASEADDR = 0x43c00000;
                      ^
../../DAC_bsp/ps7_cortexa9_0/include/DDS.h:35:15: note: in definition of macro 'DDS_mWriteReg'
    Xil_Out32((BaseAddress) + (RegOffset), (u32)(Data))
               ^~~~~~~~~~~
../src/helloworld.c:60:19: note: in expansion of macro 'DDS_BASEADDR'
     DDS_mWriteReg(DDS_BASEADDR, DDS_S00_AXI_SLV_REG3_OFFSET, 0x80000010);
                   ^~~~~~~~~~~~
make: *** [src/helloworld.o] ´íÎó 1
13:11:05 **** Auto Build of configuration Debug for project DAC ****
make pre-build main-build 
a9-linaro-pre-build-step
' '
'Building file: ../src/helloworld.c'
'Invoking: ARM v7 gcc compiler'
arm-none-eabi-gcc -Wall -O0 -g3 -c -fmessage-length=0 -MT"src/helloworld.o" -mcpu=cortex-a9 -mfpu=vfpv3 -mfloat-abi=hard -I../../DAC_bsp/ps7_cortexa9_0/include -MMD -MP -MF"src/helloworld.d" -MT"src/helloworld.o" -o "src/helloworld.o" "../src/helloworld.c"
In file included from ../src/helloworld.c:52:0:
../src/helloworld.c: In function 'main':
../../DAC_bsp/ps7_cortexa9_0/include/DDS.h:35:4: warning: implicit declaration of function 'Xil_Out32' [-Wimplicit-function-declaration]
    Xil_Out32((BaseAddress) + (RegOffset), (u32)(Data))
    ^
../src/helloworld.c:60:5: note: in expansion of macro 'DDS_mWriteReg'
     DDS_mWriteReg(DDS_BASEADDR, DDS_S00_AXI_SLV_REG3_OFFSET, 0x80000010);
     ^~~~~~~~~~~~~
../src/helloworld.c:54:32: error: expected ')' before ';' token
 #define DDS_BASEADDR 0x43c00000;
                                ^
../../DAC_bsp/ps7_cortexa9_0/include/DDS.h:35:15: note: in definition of macro 'DDS_mWriteReg'
    Xil_Out32((BaseAddress) + (RegOffset), (u32)(Data))
               ^~~~~~~~~~~
../src/helloworld.c:60:19: note: in expansion of macro 'DDS_BASEADDR'
     DDS_mWriteReg(DDS_BASEADDR, DDS_S00_AXI_SLV_REG3_OFFSET, 0x80000010);
                   ^~~~~~~~~~~~
make: *** [src/helloworld.o] ´íÎó 1
13:11:28 **** Auto Build of configuration Debug for project DAC ****
make pre-build main-build 
a9-linaro-pre-build-step
' '
'Building file: ../src/helloworld.c'
'Invoking: ARM v7 gcc compiler'
arm-none-eabi-gcc -Wall -O0 -g3 -c -fmessage-length=0 -MT"src/helloworld.o" -mcpu=cortex-a9 -mfpu=vfpv3 -mfloat-abi=hard -I../../DAC_bsp/ps7_cortexa9_0/include -MMD -MP -MF"src/helloworld.d" -MT"src/helloworld.o" -o "src/helloworld.o" "../src/helloworld.c"
In file included from ../src/helloworld.c:52:0:
../src/helloworld.c: In function 'main':
../../DAC_bsp/ps7_cortexa9_0/include/DDS.h:35:4: warning: implicit declaration of function 'Xil_Out32' [-Wimplicit-function-declaration]
    Xil_Out32((BaseAddress) + (RegOffset), (u32)(Data))
    ^
../src/helloworld.c:60:5: note: in expansion of macro 'DDS_mWriteReg'
     DDS_mWriteReg(DDS_BASEADDR, DDS_S00_AXI_SLV_REG3_OFFSET, 0x80000010);
     ^~~~~~~~~~~~~
'Finished building: ../src/helloworld.c'
' '
'Building target: DAC.elf'
'Invoking: ARM v7 gcc linker'
arm-none-eabi-gcc -mcpu=cortex-a9 -mfpu=vfpv3 -mfloat-abi=hard -Wl,-build-id=none -specs=Xilinx.spec -Wl,-T -Wl,../src/lscript.ld -L../../DAC_bsp/ps7_cortexa9_0/lib -o "DAC.elf"  ./src/helloworld.o ./src/platform.o   -Wl,--start-group,-lxil,-lgcc,-lc,--end-group
./src/helloworld.o: In function `main':
C:\work\Resistor-Capacitance-Inductance-Measurement-System\RCIMS\RCIMS.sdk\DAC\Debug/../src/helloworld.c:60: undefined reference to `Xil_Out32'
collect2.exe: error: ld returned 1 exit status
make: *** [DAC.elf] ´íÎó 1
13:11:32 **** Auto Build of configuration Debug for project DAC ****
make pre-build main-build 
a9-linaro-pre-build-step
' '
'Building file: ../src/helloworld.c'
'Invoking: ARM v7 gcc compiler'
arm-none-eabi-gcc -Wall -O0 -g3 -c -fmessage-length=0 -MT"src/helloworld.o" -mcpu=cortex-a9 -mfpu=vfpv3 -mfloat-abi=hard -I../../DAC_bsp/ps7_cortexa9_0/include -MMD -MP -MF"src/helloworld.d" -MT"src/helloworld.o" -o "src/helloworld.o" "../src/helloworld.c"
In file included from ../src/helloworld.c:52:0:
../src/helloworld.c: In function 'main':
../../DAC_bsp/ps7_cortexa9_0/include/DDS.h:35:4: warning: implicit declaration of function 'Xil_Out32' [-Wimplicit-function-declaration]
    Xil_Out32((BaseAddress) + (RegOffset), (u32)(Data))
    ^
../src/helloworld.c:61:5: note: in expansion of macro 'DDS_mWriteReg'
     DDS_mWriteReg(DDS_BASEADDR, DDS_S00_AXI_SLV_REG3_OFFSET, 0x80000010);
     ^~~~~~~~~~~~~
'Finished building: ../src/helloworld.c'
' '
'Building target: DAC.elf'
'Invoking: ARM v7 gcc linker'
arm-none-eabi-gcc -mcpu=cortex-a9 -mfpu=vfpv3 -mfloat-abi=hard -Wl,-build-id=none -specs=Xilinx.spec -Wl,-T -Wl,../src/lscript.ld -L../../DAC_bsp/ps7_cortexa9_0/lib -o "DAC.elf"  ./src/helloworld.o ./src/platform.o   -Wl,--start-group,-lxil,-lgcc,-lc,--end-group
./src/helloworld.o: In function `main':
C:\work\Resistor-Capacitance-Inductance-Measurement-System\RCIMS\RCIMS.sdk\DAC\Debug/../src/helloworld.c:61: undefined reference to `Xil_Out32'
collect2.exe: error: ld returned 1 exit status
make: *** [DAC.elf] ´íÎó 1
13:15:02 **** Auto Build of configuration Debug for project DAC ****
make pre-build main-build 
a9-linaro-pre-build-step
' '
'Building file: ../src/helloworld.c'
'Invoking: ARM v7 gcc compiler'
arm-none-eabi-gcc -Wall -O0 -g3 -c -fmessage-length=0 -MT"src/helloworld.o" -mcpu=cortex-a9 -mfpu=vfpv3 -mfloat-abi=hard -I../../DAC_bsp/ps7_cortexa9_0/include -MMD -MP -MF"src/helloworld.d" -MT"src/helloworld.o" -o "src/helloworld.o" "../src/helloworld.c"
In file included from ../src/helloworld.c:52:0:
../src/helloworld.c: In function 'main':
../../DAC_bsp/ps7_cortexa9_0/include/DDS.h:35:4: warning: implicit declaration of function 'Xil_Out32' [-Wimplicit-function-declaration]
    Xil_Out32((BaseAddress) + (RegOffset), (u32)(Data))
    ^
../src/helloworld.c:62:5: note: in expansion of macro 'DDS_mWriteReg'
     DDS_mWriteReg(DDS_BASEADDR, DDS_S00_AXI_SLV_REG3_OFFSET, 0x80000010);
     ^~~~~~~~~~~~~
'Finished building: ../src/helloworld.c'
' '
'Building target: DAC.elf'
'Invoking: ARM v7 gcc linker'
arm-none-eabi-gcc -mcpu=cortex-a9 -mfpu=vfpv3 -mfloat-abi=hard -Wl,-build-id=none -specs=Xilinx.spec -Wl,-T -Wl,../src/lscript.ld -L../../DAC_bsp/ps7_cortexa9_0/lib -o "DAC.elf"  ./src/helloworld.o ./src/platform.o   -Wl,--start-group,-lxil,-lgcc,-lc,--end-group
./src/helloworld.o: In function `main':
C:\work\Resistor-Capacitance-Inductance-Measurement-System\RCIMS\RCIMS.sdk\DAC\Debug/../src/helloworld.c:62: undefined reference to `Xil_Out32'
C:\work\Resistor-Capacitance-Inductance-Measurement-System\RCIMS\RCIMS.sdk\DAC\Debug/../src/helloworld.c:64: undefined reference to `Xil_Out32'
collect2.exe: error: ld returned 1 exit status
make: *** [DAC.elf] ´íÎó 1
13:15:19 **** Auto Build of configuration Debug for project DAC ****
make pre-build main-build 
a9-linaro-pre-build-step
' '
'Building file: ../src/helloworld.c'
'Invoking: ARM v7 gcc compiler'
arm-none-eabi-gcc -Wall -O0 -g3 -c -fmessage-length=0 -MT"src/helloworld.o" -mcpu=cortex-a9 -mfpu=vfpv3 -mfloat-abi=hard -I../../DAC_bsp/ps7_cortexa9_0/include -MMD -MP -MF"src/helloworld.d" -MT"src/helloworld.o" -o "src/helloworld.o" "../src/helloworld.c"
In file included from ../src/helloworld.c:52:0:
../src/helloworld.c: In function 'main':
../../DAC_bsp/ps7_cortexa9_0/include/DDS.h:35:4: warning: implicit declaration of function 'Xil_Out32' [-Wimplicit-function-declaration]
    Xil_Out32((BaseAddress) + (RegOffset), (u32)(Data))
    ^
../src/helloworld.c:62:5: note: in expansion of macro 'DDS_mWriteReg'
     DDS_mWriteReg(DDS_BASEADDR, DDS_S00_AXI_SLV_REG3_OFFSET, 0x80000010);
     ^~~~~~~~~~~~~
'Finished building: ../src/helloworld.c'
' '
'Building target: DAC.elf'
'Invoking: ARM v7 gcc linker'
arm-none-eabi-gcc -mcpu=cortex-a9 -mfpu=vfpv3 -mfloat-abi=hard -Wl,-build-id=none -specs=Xilinx.spec -Wl,-T -Wl,../src/lscript.ld -L../../DAC_bsp/ps7_cortexa9_0/lib -o "DAC.elf"  ./src/helloworld.o ./src/platform.o   -Wl,--start-group,-lxil,-lgcc,-lc,--end-group
./src/helloworld.o: In function `main':
C:\work\Resistor-Capacitance-Inductance-Measurement-System\RCIMS\RCIMS.sdk\DAC\Debug/../src/helloworld.c:62: undefined reference to `Xil_Out32'
C:\work\Resistor-Capacitance-Inductance-Measurement-System\RCIMS\RCIMS.sdk\DAC\Debug/../src/helloworld.c:64: undefined reference to `Xil_Out32'
collect2.exe: error: ld returned 1 exit status
make: *** [DAC.elf] ´íÎó 1
13:17:59 **** Auto Build of configuration Debug for project DAC ****
make pre-build main-build 
a9-linaro-pre-build-step
' '
'Building file: ../src/helloworld.c'
'Invoking: ARM v7 gcc compiler'
arm-none-eabi-gcc -Wall -O0 -g3 -c -fmessage-length=0 -MT"src/helloworld.o" -mcpu=cortex-a9 -mfpu=vfpv3 -mfloat-abi=hard -I../../DAC_bsp/ps7_cortexa9_0/include -MMD -MP -MF"src/helloworld.d" -MT"src/helloworld.o" -o "src/helloworld.o" "../src/helloworld.c"
'Finished building: ../src/helloworld.c'
' '
'Building target: DAC.elf'
'Invoking: ARM v7 gcc linker'
arm-none-eabi-gcc -mcpu=cortex-a9 -mfpu=vfpv3 -mfloat-abi=hard -Wl,-build-id=none -specs=Xilinx.spec -Wl,-T -Wl,../src/lscript.ld -L../../DAC_bsp/ps7_cortexa9_0/lib -o "DAC.elf"  ./src/helloworld.o ./src/platform.o   -Wl,--start-group,-lxil,-lgcc,-lc,--end-group
'Finished building target: DAC.elf'
' '
'Invoking: ARM v7 Print Size'
arm-none-eabi-size DAC.elf  |tee "DAC.elf.size"
   text	   data	    bss	    dec	    hex	filename
  22248	   1148	  22568	  45964	   b38c	DAC.elf
'Finished building: DAC.elf.size'
' '
13:19:19 **** Auto Build of configuration Debug for project DAC ****
make pre-build main-build 
a9-linaro-pre-build-step
' '
'Building file: ../src/helloworld.c'
'Invoking: ARM v7 gcc compiler'
arm-none-eabi-gcc -Wall -O0 -g3 -c -fmessage-length=0 -MT"src/helloworld.o" -mcpu=cortex-a9 -mfpu=vfpv3 -mfloat-abi=hard -I../../DAC_bsp/ps7_cortexa9_0/include -MMD -MP -MF"src/helloworld.d" -MT"src/helloworld.o" -o "src/helloworld.o" "../src/helloworld.c"
'Finished building: ../src/helloworld.c'
' '
'Building target: DAC.elf'
'Invoking: ARM v7 gcc linker'
arm-none-eabi-gcc -mcpu=cortex-a9 -mfpu=vfpv3 -mfloat-abi=hard -Wl,-build-id=none -specs=Xilinx.spec -Wl,-T -Wl,../src/lscript.ld -L../../DAC_bsp/ps7_cortexa9_0/lib -o "DAC.elf"  ./src/helloworld.o ./src/platform.o   -Wl,--start-group,-lxil,-lgcc,-lc,--end-group
'Finished building target: DAC.elf'
' '
'Invoking: ARM v7 Print Size'
arm-none-eabi-size DAC.elf  |tee "DAC.elf.size"
   text	   data	    bss	    dec	    hex	filename
  22248	   1148	  22568	  45964	   b38c	DAC.elf
'Finished building: DAC.elf.size'
' '
